python : ..E
所在位置 行:1 字符: 1
+ python test_refactor_integrity.py > test
_log.txt 2>&1
+ ~~~~~~~~~~~~~~~~~~~~~~~~~~~~~~~~~~~~~~~~
~~~~~~~~~~~~~
    + CategoryInfo          : NotSpecifie 
   d: (..E:String) [], RemoteException
    + FullyQualifiedErrorId : NativeComma 
   ndError
 
==========================================
============================
ERROR: test_module_imports (__main__.TestS
BLLMRefactor)
验证重构后的核心模块是否可正常导入
------------------------------------------
----------------------------
Traceback (most recent call last):
  File "C:\Users\65783\Desktop\project1-sb
llm\test_refactor_integrity.py", line 52, 
in test_module_imports
    import sbllm.execution
  File "C:\Users\65783\Desktop\project1-sb
llm\sbllm_repo\sbllm\execution.py", line 9
, in <module>
    from sbllm.utils.qemu_evaluator import
 QEMURISCVEvaluator
  File "C:\Users\65783\Desktop\project1-sb
llm\sbllm_repo\sbllm\utils\qemu_evaluator.
py", line 29, in <module>
    class QEMURISCVEvaluator(BaseEvaluator
):
  File "C:\Users\65783\Desktop\project1-sb
llm\sbllm_repo\sbllm\utils\qemu_evaluator.
py", line 53, in QEMURISCVEvaluator
    def evaluate(self, code: str, metadata
: Dict[str, Any]) -> EvalMetric:
NameError: name 'Any' is not defined. Did 
you mean: 'any'?

------------------------------------------
----------------------------
Ran 3 tests in 1.143s

FAILED (errors=1)
